# This is a plugin installer list for zsh
# To install a plugin, uncomment the line
# This also handles the installation from git


git                                                         # alias and functions for git commands
gitfast                                                     # zsh completion for git
last-working-dir                                          # new shells open in last working dir
colored-man-pages                                           # adds color to man pages
docker                                                    # zsh completion for docker
docker-compose                                            # zsh completion for docker-compose
fzf                                                         # fuzzy auto-completion and key bindings via fzf if installed
https://github.com/chrissicool/zsh-256color                 # enhance terminal environment with 256 colors
https://github.com/zsh-users/zsh-history-substring-search   # less intrusive command history search alternative
https://github.com/zsh-users/zsh-syntax-highlighting        # highlights commands as you type
